
> fotograf-nextjs@2.0.0 build
> prisma generate && next build

Environment variables loaded from .env
Prisma schema loaded from prisma\schema.prisma

✔ Generated Prisma Client (v5.22.0) to .\node_modules\@prisma\client in 163ms

Start by importing your Prisma Client (See: https://pris.ly/d/importing-client)

Tip: Want to react to database changes in your app as they happen? Discover how with Pulse: https://pris.ly/tip-1-pulse

   ▲ Next.js 15.5.7
   - Environments: .env.local, .env
   - Experiments (use with caution):
     · serverActions

   Creating an optimized production build ...
 ✓ Compiled successfully in 5.3s
   Linting and checking validity of types ...
node.exe : Failed to compile.
At line:1 char:1
+ & "C:\Program Files\nodejs/node.exe" "C:\Program Files\nodejs/node_mo ...
+ ~~~~~~~~~~~~~~~~~~~~~~~~~~~~~~~~~~~~~~~~~~~~~~~~~~~~~~~~~~~~~~~~~~~~~
    + CategoryInfo          : NotSpecified: (Failed to compile.:String) [], RemoteException
    + FullyQualifiedErrorId : NativeCommandError
 

./src/app/api/photo-challenge/create-with-payment/route.ts:76:38
Type error: Property 'package_name' does not exist on type '{ id: number; created_at: Date; updated_at: Date; name: strin
g; is_active: boolean; icon: string | null; description: string | null; display_order: number; discount_percentage: numbe
r; ... 6 more ...; gradient_to: string | null; }'.

[0m [90m 74 |[39m                 data[33m:[39m {
 [90m 75 |[39m                     inviterName[33m:[39m inviter_name[33m,[39m
[31m[1m>[22m[39m[90m 76 |[39m                     packageName[33m:[39m pkg[33m.[39mpackage_name[33m,[39m
 [90m    |[39m                                      [31m[1m^[22m[39m
 [90m 77 |[39m                     packagePrice[33m:[39m pkg[33m.[39mchallenge_price[33m,[39m
 [90m 78 |[39m                     packageDescription[33m:[39m pkg[33m.[39mdescription[33m,[39m
 [90m 79 |[39m                     inviteLink[0m
Next.js build worker exited with code: 1 and signal: null
