
--- FAZA 1: ADMIN ---
❌ [ADMIN] 1.x Error: 
Invalid `prisma.adminUser.findFirst()` invocation in
C:\Strona-fotografa\run-e2e-tests.js:40:42

  37 console.log('\n--- FAZA 1: ADMIN ---');
  38 const PHASE = 'ADMIN';
  39 try {
→ 40   const admin = await prisma.adminUser.findFirst(
Can't reach database server at `ep-dry-art-aemsvsfc-pooler.c-2.us-east-2.aws.neon.tech:5432`

Please make sure your database server is running at `ep-dry-art-aemsvsfc-pooler.c-2.us-east-2.aws.neon.tech:5432`.

--- FAZA 2: CLIENT ---
✅ [CLIENT] 2.2 Create booking
✅ [CLIENT] 2.7 Persistence

--- FAZA 3: PAYMENT ---
✅ [PAYMENT] 3.3 Status Update

--- FAZA 4: DATABASE ---
✅ [DATABASE] 4.1 Count
❌ [DATABASE] 4.3 Unique Constraint: Duplicate created

--- FAZA 5: ANALYTICS ---
✅ [ANALYTICS] 5.1 Track

--- FAZA 8: SCRUM ---
✅ [SCRUM] 8.1 Create task
✅ [SCRUM] 8.2 Move task
✅ [SCRUM] 8.3 Delete task

--- SUMMARY ---
PASSED: 8/10
FAILED: 2/10

--- FAILED DETAILS ---
[ADMIN] 1.x Error: 
Invalid `prisma.adminUser.findFirst()` invocation in
C:\Strona-fotografa\run-e2e-tests.js:40:42

  37 console.log('\n--- FAZA 1: ADMIN ---');
  38 const PHASE = 'ADMIN';
  39 try {
→ 40   const admin = await prisma.adminUser.findFirst(
Can't reach database server at `ep-dry-art-aemsvsfc-pooler.c-2.us-east-2.aws.neon.tech:5432`

Please make sure your database server is running at `ep-dry-art-aemsvsfc-pooler.c-2.us-east-2.aws.neon.tech:5432`.
[DATABASE] 4.3 Unique Constraint: Duplicate created
