npm warn Unknown env config "http-proxy". This will stop working in the next major version of npm.

> fotograf-nextjs@2.0.0 test:prodigi-foundation
> node --import tsx --test tests/unit/prodigi-sandbox.test.ts tests/unit/pod-simulator.test.ts tests/unit/finance-actuals*.test.ts && node tests/qa/prodigi-sandbox.cjs && node tests/qa/pod-simulator.cjs

✔ anonymous request is denied without reading finance and cannot be cached (20.484655ms)
✔ valid client token and nonexistent admin cannot access finance (8.050419ms)
✔ authorized handler returns actual minor PLN amounts and Warsaw date filter only (22.022531ms)
✔ authorized invalid dates fail before finance reads, including invalid end dates and unsupported timestamps (6.649629ms)
[Finance actuals] Source unavailable; no amounts returned.
✔ database failure exposes unavailable data, never zeros or connection details (3.308705ms)
✔ actual React finance clears stale amounts across date changes, ignores old responses, then clears on access denial and retries (164.189047ms)
✔ PLN sums are exact minor units and never presented as income (1.234249ms)
✔ foreign ledger and legacy gift card amounts never mix into PLN (0.223557ms)
✔ manual legacy booking deposit is deduplicated while unpaid ledger remainder remains counted once (0.303768ms)
✔ ledger FULL payment prevents counting both legacy booking halves again (0.138329ms)
✔ legacy photo and gift card fallbacks are deduplicated by resource even with missing provider ID (0.168213ms)
✔ an earlier ledger event suppresses an incorrectly later legacy date (0.160012ms)
✔ ledger plus legacy refund does not double count and missing ledger refund can use completed legacy record (0.251769ms)
✔ refund ledger outside period suppresses legacy fallback; pending refund never counts (0.180452ms)
✔ same CART provider transaction is counted once across matching order fallbacks (0.15269ms)
✔ unmatched online records are disclosed instead of guessed, including Stripe (0.197978ms)
✔ time interval is start inclusive / end exclusive and duplicate selected ledger IDs count once (0.180392ms)
✔ invalid amounts fail closed instead of creating false zero finance (0.776009ms)
✔ Warsaw range uses actual 23h/25h DST civil days (24.652915ms)
✔ range validation rejects malformed endpoints, duplicate params, unsupported query and excessive ranges (8.726318ms)
✔ scenario separates revenue, cash surplus and work-adjusted profit; advertising is deducted once (1.456385ms)
✔ break-even and target round to enough complete orders, including ongoing work costs (0.23223ms)
✔ ROI subtracts initial investment and uses explicit horizon; payback uses positive monthly profit (0.218739ms)
✔ no traffic or zero conversion retains monthly overhead, never invents CAC or payback (0.181713ms)
✔ zero and negative margin cannot fund positive fixed costs or target (0.189035ms)
✔ zero costs and zero target have zero break-even, while free startup makes ROI undefined (0.134723ms)
✔ 100% conversion is valid and percentages may reveal an unprofitable offer (0.110166ms)
✔ fractional expected orders remain visible; only target thresholds are rounded (0.179591ms)
✔ reject every nonfinite/negative numeric field, fractions in count fields and invalid percentages (14.164001ms)
✔ cash versus net is explicit and does not secretly convert entered prices or operator fees (1.142602ms)
✔ Polish decimal inputs parse, but blank controls and malformed numbers remain errors (0.480344ms)
✔ local persisted scenario round-trips through schema/version validation and strips unknown keys (0.388435ms)
✔ corrupt, unversioned, future-version and invalid local data never feed the calculator (0.33174ms)
✔ POD-S01: no key means no network, flag is configuration not connection (2.581359ms)
✔ POD-S02: rejects host, URL, order action, unsafe SKU and invalid quantities before network (3.001993ms)
✔ POD-S03: SKU lookup uses fixed sandbox and server-only secret, sanitized response (8.775392ms)
✔ POD-S04: multi-product quote has PL/PLN, no recipient, photo URL or orders request (2.456812ms)
✔ POD-S05: warnings block acceptance even on HTTP 200 (1.335352ms)
✔ POD-S06: invalid, empty, foreign-currency and missing costs do not become zero (3.625031ms)
✔ POD-S07: mismatched SKU is not shown as requested product (0.760045ms)
✔ POD-S08: provider credentials, rate limits, failures never expose body or key (0.967938ms)
✔ POD-S09: transport failure gives controlled error without retry or secret (0.256076ms)
✔ POD-S10: JSON byte limit handles chunked bodies and invalid UTF8 (0.624982ms)
✔ POD-S11: malformed provider JSON is a provider failure, not a user 400 (0.322596ms)
✔ POD-S12: QA correction — missing shipping, zero product cost and nested issues rejected (1.561633ms)
✔ POD-S13: QA correction — books and additional print areas need separate qualification (0.499893ms)
ℹ tests 46
ℹ suites 0
ℹ pass 46
ℹ fail 0
ℹ cancelled 0
ℹ skipped 0
ℹ todo 0
ℹ duration_ms 1286.542688
PASS POD-A01 auth before config or provider
PASS POD-A02 config says configured, not connected, no secret
PASS POD-A03 Origin and JSON checks before network
PASS POD-A04 malformed and streamed oversized body
PASS POD-A05 rate limit and missing key
PASS POD-A06 actual handler -> adapter -> sanitized provider result
PASS POD-U00 diagnostics stays idle until opened
PASS POD-U01 unconfigured blocks queries
PASS POD-U02 lookup -> quantity -> quote uses full variant and displays sandbox costs
PASS POD-U03 failure clears old quote and allows retry
PASS POD-U04 changing SKU invalidates product and quote
PASS POD-U05 QA correction: incomplete required print areas block quote
PASS POD-U06 QA correction: stalled initial config has timeout
13 sandbox route/DOM scenarios PASS; auth and transport simulated, no external call.
PASS initial UI labels model versus facts, costs, work and device-only persistence
PASS editing a Polish decimal changes calculated profit; empty input hides results and disables saving
PASS save, edit, read and remount preserve explicitly saved scenario only
PASS malformed local state does not overwrite active inputs; reset clears record and restores example
PASS non-positive margin and zero conversion explain unreachable goals without NaN/Infinity
PASS net basis retains numbers and clearly requires manual conversion of comparable costs
PASS blocked storage reports real failure and does not claim a successful save/read/reset
PASS three customer-independent admin edit/save/load cycles remain consistent
