✔ anonymous request is denied without reading finance and cannot be cached (29.912731ms)
✔ valid client token and nonexistent admin cannot access finance (7.93115ms)
✔ authorized handler returns actual minor PLN amounts and Warsaw date filter only (18.274315ms)
✔ authorized invalid dates fail before finance reads, including invalid end dates and unsupported timestamps (6.224799ms)
[Finance actuals] Source unavailable; no amounts returned.
✔ database failure exposes unavailable data, never zeros or connection details (2.571184ms)
✔ actual React finance clears stale amounts across date changes, ignores old responses, then clears on access denial and retries (251.605681ms)
✔ PLN sums are exact minor units and never presented as income (1.865682ms)
✔ foreign ledger and legacy gift card amounts never mix into PLN (0.267814ms)
✔ manual legacy booking deposit is deduplicated while unpaid ledger remainder remains counted once (0.261364ms)
✔ ledger FULL payment prevents counting both legacy booking halves again (0.170326ms)
✔ legacy photo and gift card fallbacks are deduplicated by resource even with missing provider ID (0.1854ms)
✔ an earlier ledger event suppresses an incorrectly later legacy date (0.151608ms)
✔ ledger plus legacy refund does not double count and missing ledger refund can use completed legacy record (0.220702ms)
✔ refund ledger outside period suppresses legacy fallback; pending refund never counts (0.196285ms)
✔ same CART provider transaction is counted once across matching order fallbacks (0.158579ms)
✔ unmatched online records are disclosed instead of guessed, including Stripe (1.982918ms)
✔ time interval is start inclusive / end exclusive and duplicate selected ledger IDs count once (0.187333ms)
✔ invalid amounts fail closed instead of creating false zero finance (0.571752ms)
✔ Warsaw range uses actual 23h/25h DST civil days (15.704994ms)
✔ range validation rejects malformed endpoints, duplicate params, unsupported query and excessive ranges (5.215058ms)
✔ scenario separates revenue, cash surplus and work-adjusted profit; advertising is deducted once (1.383194ms)
✔ break-even and target round to enough complete orders, including ongoing work costs (0.229256ms)
✔ ROI subtracts initial investment and uses explicit horizon; payback uses positive monthly profit (0.188354ms)
✔ no traffic or zero conversion retains monthly overhead, never invents CAC or payback (0.219611ms)
✔ zero and negative margin cannot fund positive fixed costs or target (0.193291ms)
✔ zero costs and zero target have zero break-even, while free startup makes ROI undefined (0.135214ms)
✔ 100% conversion is valid and percentages may reveal an unprofitable offer (0.157467ms)
✔ fractional expected orders remain visible; only target thresholds are rounded (0.223087ms)
✔ reject every nonfinite/negative numeric field, fractions in count fields and invalid percentages (13.236534ms)
✔ cash versus net is explicit and does not secretly convert entered prices or operator fees (0.972866ms)
✔ Polish decimal inputs parse, but blank controls and malformed numbers remain errors (0.52448ms)
✔ local persisted scenario round-trips through schema/version validation and strips unknown keys (0.386232ms)
✔ corrupt, unversioned, future-version and invalid local data never feed the calculator (0.88891ms)
✔ POD-S01: no key means no network, flag is configuration not connection (2.479837ms)
✔ POD-S02: rejects host, URL, order action, unsafe SKU and invalid quantities before network (2.606387ms)
✔ POD-S03: SKU lookup uses fixed sandbox and server-only secret, sanitized response (8.008126ms)
✔ POD-S04: multi-product quote has PL/PLN, no recipient, photo URL or orders request (3.76936ms)
✔ POD-S05: warnings block acceptance even on HTTP 200 (1.527452ms)
✔ POD-S06: invalid, empty, foreign-currency and missing costs do not become zero (5.617354ms)
✔ POD-S07: mismatched SKU is not shown as requested product (0.912695ms)
✔ POD-S08: provider credentials, rate limits, failures never expose body or key (1.172557ms)
✔ POD-S09: transport failure gives controlled error without retry or secret (0.279501ms)
✔ POD-S10: JSON byte limit handles chunked bodies and invalid UTF8 (0.628908ms)
✔ POD-S11: malformed provider JSON is a provider failure, not a user 400 (0.568466ms)
✔ POD-S12: QA correction — missing shipping, zero product cost and nested issues rejected (1.795044ms)
✔ POD-S13: QA correction — books and additional print areas need separate qualification (0.307233ms)
ℹ tests 46
ℹ suites 0
ℹ pass 46
ℹ fail 0
ℹ cancelled 0
ℹ skipped 0
ℹ todo 0
ℹ duration_ms 1636.488695
